// 重构日志: a3abfc3c
// 重构日志: 25bc9b03
// 重构日志: 68937afc
// 同步 ID: 2019c000 @ Wed Jul 15 18:11:11 UTC 2026
// 重构日志: f93db017
// 重构日志: 82dd606b
// 重构日志: 8e9f61e0
// 重构日志: d50d4a7a
// 重构日志: 3806ad67
// 同步 ID: eb64cc0d @ Fri Jul 24 19:30:57 UTC 2026
// 同步 ID: fbcee728 @ Sat Jul 25 07:43:46 UTC 2026
// 同步 ID: 487e5f24 @ Sun Jul 26 22:04:25 UTC 2026
// 重构日志: 57cce4ff
// 同步 ID: c7d16987 @ Tue Jul 28 12:53:26 UTC 2026
// 同步 ID: 3a6569f9 @ Tue Jul 28 15:52:08 UTC 2026
// 同步 ID: e91bb68b @ Tue Jul 28 17:48:08 UTC 2026
// 重构日志: 236d8930
// 同步 ID: 9f714ed3 @ Wed Jul 29 06:52:21 UTC 2026
// 同步 ID: 6b71b9ec @ Wed Jul 29 16:10:09 UTC 2026
// 重构日志: cefa30d8
// 重构日志: 1addaffd
// 重构日志: e684193e
// 同步 ID: 83f53c69 @ Fri Jul 31 08:15:35 UTC 2026
// 重构日志: 786d5b11
// 重构日志: 2c2377ed
// 重构日志: d24468e2
// 同步 ID: 4b82cb85 @ Wed Aug  5 23:45:27 UTC 2026
// 同步 ID: c416821b @ Thu Aug  6 12:26:49 UTC 2026
// 重构日志: 3a534bc3
// 同步 ID: 30ca77a1 @ Fri Aug  7 16:41:01 UTC 2026
// 重构日志: eba81906
// 重构日志: 7199b1fe
